// Vitest Snapshot v1, https://vitest.dev/guide/snapshot.html

exports[`HomeView > should render the correct HTML 1`] = `
"<div data-v-dccb68fe=\\"\\" class=\\"overlay hide\\">
  <div data-v-dccb68fe=\\"\\" class=\\"modal modal-md\\" id=\\"survey-modal\\">
    <div data-v-dccb68fe=\\"\\" class=\\"ly-row ly-spacebetween-center mb-1\\">
      <h1 data-v-dccb68fe=\\"\\" class=\\"h3 m-0\\">Supermarket Survey!</h1><a data-v-dccb68fe=\\"\\" href=\\"\\" class=\\"btn btn-noborder btn-icon\\"><i data-v-dccb68fe=\\"\\" class=\\"lpi-close\\"></i><span data-v-dccb68fe=\\"\\">Close</span></a>
    </div>
    <div data-v-dccb68fe=\\"\\" class=\\"form\\">
      <!-- form placeholder -->
      <div data-v-dccb68fe=\\"\\" class=\\"ly-row\\">
        <div data-v-f6c8fbf5=\\"\\" data-v-dccb68fe=\\"\\" class=\\"w-50\\"><label data-v-f6c8fbf5=\\"\\" class=\\"input-text d-block py-1 lead text-gray-dark\\">Select a Fruit</label>
          <div data-v-f6c8fbf5=\\"\\" class=\\"input-field-wrapper integer\\">
            <!--v-if--><input data-v-f6c8fbf5=\\"\\" class=\\"input-field py-1\\" type=\\"text\\" maxlength=\\"9\\">
          </div>
        </div>
        <div data-v-2f6f31ac=\\"\\" data-v-dccb68fe=\\"\\" class=\\"component-wrapper w-50\\"><label data-v-2f6f31ac=\\"\\" class=\\"input-text d-block py-1 lead text-gray-dark\\">Select a Food item</label>
          <div data-v-2f6f31ac=\\"\\" class=\\"input-field-wrapper\\"><i data-v-2f6f31ac=\\"\\" class=\\"lpi-caret-down\\"></i><input data-v-2f6f31ac=\\"\\" class=\\"input-field py-1\\" type=\\"text\\" disabled=\\"\\" placeholder=\\"Select one\\"></div>
          <!--v-if-->
        </div>
      </div>
      <div data-v-dccb68fe=\\"\\" class=\\"ly-row\\">
        <div data-v-dccb68fe=\\"\\" class=\\"w-50\\"><label class=\\"input-text d-block py-1 lead text-gray-dark\\">Favorite Food</label><input class=\\"input-field py-1\\" type=\\"text\\" maxlength=\\"80\\">
          <div class=\\"input-helpers ly-row\\"><span class=\\"helper-text py-1 w-80 text-dark-muted\\">E.g. Seafood Pizza.</span><span class=\\"helper-length py-1 w-20 text-right\\">7/80</span></div>
        </div>
        <div data-v-dccb68fe=\\"\\" class=\\"w-50\\"><label class=\\"input-text d-block py-1 lead text-gray-dark\\">Food Budget</label><input class=\\"input-field py-1\\" type=\\"text\\" maxlength=\\"5\\">
          <div class=\\"input-helpers ly-row\\"><span class=\\"helper-text py-1 w-80 text-dark-muted\\">Solo numbers</span><span class=\\"helper-length py-1 w-20 text-right\\">0/5</span></div>
        </div>
      </div>
    </div>
    <div data-v-dccb68fe=\\"\\" class=\\"modal-footer text-right\\"><a data-v-dccb68fe=\\"\\" href=\\"\\" class=\\"btn hide-btn\\">Cancel</a><a data-v-dccb68fe=\\"\\" href=\\"\\" class=\\"btn btn-primary\\">Submit</a></div>
  </div>
</div>"
`;
